IDN 1 a
OP_PLUS 1 +
IDN 1 b
OP_PLUS 1 +
IDN 1 c
OP_PLUS 1 +
IDN 1 d
OP_PLUS 2 +
IDN 2 e
OP_PLUS 3 +
IDN 3 f
