IDN 1 abc
OP_PRIDRUZI 1 =
BROJ 1 12
KR_ZA 2 za
IDN 2 i
KR_OD 2 od
BROJ 2 3
KR_DO 2 do
BROJ 2 75
IDN 6 a
OP_PRIDRUZI 7 =
BROJ 8 12
KR_AZ 9 az
