IDN 1 a
OP_PRIDRUZI 1 =
IDN 1 x
OP_PLUS 1 +
IDN 1 y
IDN 2 b
OP_PRIDRUZI 2 =
BROJ 2 12
IDN 5 x
OP_PLUS 5 +
BROJ 5 3
