BROJ 1 1
OP_MINUS 1 -
BROJ 1 3
OP_DIJELI 1 /
BROJ 1 5
OP_PLUS 1 +
BROJ 1 7
