IDN 3 a
OP_PRIDRUZI 3 =
BROJ 3 12
IDN 5 b
OP_PRIDRUZI 5 =
BROJ 5 13
OP_DIJELI 9 /
OP_DIJELI 9 /
IDN 10 d
OP_PRIDRUZI 10 =
BROJ 10 15
