OP_PLUS 1 +
OP_MINUS 1 -
OP_PLUS 1 +
OP_PUTA 1 *
OP_PUTA 1 *
OP_DIJELI 1 /
OP_DIJELI 1 /
OP_PUTA 1 *
OP_PUTA 1 *
OP_PUTA 1 *
OP_DIJELI 1 /
OP_PUTA 1 *
OP_PUTA 1 *
OP_PUTA 2 *
OP_PUTA 2 *
OP_PUTA 3 *
OP_PUTA 3 *
OP_PUTA 3 *
OP_MINUS 4 -
OP_MINUS 4 -
OP_PLUS 4 +
OP_PLUS 4 +
