KR_ZA 1 za
IDN 1 i
KR_OD 1 od
OP_MINUS 1 -
BROJ 1 5
KR_DO 1 do
OP_PLUS 1 +
BROJ 1 12
IDN 2 a
OP_PRIDRUZI 2 =
IDN 2 i
OP_PLUS 2 +
BROJ 2 3
OP_PLUS 2 +
BROJ 2 4
OP_PLUS 2 +
BROJ 2 5
OP_PUTA 2 *
BROJ 2 6
KR_AZ 3 az
IDN 4 b
OP_PRIDRUZI 4 =
BROJ 4 05421
KR_ZA 5 za
IDN 5 i
KR_OD 5 od
OP_MINUS 5 -
IDN 5 a
OP_PLUS 5 +
IDN 5 b
KR_DO 5 do
OP_PLUS 5 +
IDN 5 a
OP_PLUS 5 +
IDN 5 b
IDN 6 xadasdadasd
OP_PRIDRUZI 6 =
IDN 6 i
OP_PLUS 6 +
BROJ 6 3
OP_PLUS 6 +
BROJ 6 4
OP_PLUS 6 +
BROJ 6 5
OP_PUTA 6 *
BROJ 6 6
KR_AZ 7 az
KR_ZA 8 za
IDN 8 i
KR_OD 8 od
OP_MINUS 8 -
BROJ 8 5
KR_DO 8 do
OP_PLUS 8 +
BROJ 8 12
IDN 9 a
OP_PRIDRUZI 9 =
IDN 9 i
OP_PLUS 9 +
BROJ 9 3
OP_PLUS 9 +
BROJ 9 4
OP_PLUS 9 +
BROJ 9 5
OP_PUTA 9 *
BROJ 9 6
KR_AZ 10 az
IDN 11 b
OP_PRIDRUZI 11 =
BROJ 11 05421
KR_ZA 12 za
IDN 12 i
KR_OD 12 od
OP_MINUS 12 -
IDN 12 a
OP_PLUS 12 +
IDN 12 b
KR_DO 12 do
OP_PLUS 12 +
IDN 12 a
OP_PLUS 12 +
IDN 12 b
IDN 13 xadasdadasd
OP_PRIDRUZI 13 =
IDN 13 i
OP_PLUS 13 +
BROJ 13 3
OP_PLUS 13 +
BROJ 13 4
OP_PLUS 13 +
BROJ 13 5
OP_PUTA 13 *
BROJ 13 6
KR_AZ 14 az
KR_ZA 15 za
IDN 15 i
KR_OD 15 od
OP_MINUS 15 -
BROJ 15 5
KR_DO 15 do
OP_PLUS 15 +
BROJ 15 12
IDN 16 a
OP_PRIDRUZI 16 =
IDN 16 i
OP_PLUS 16 +
BROJ 16 3
OP_PLUS 16 +
BROJ 16 4
OP_PLUS 16 +
BROJ 16 5
OP_PUTA 16 *
BROJ 16 6
KR_AZ 17 az
IDN 18 b
OP_PRIDRUZI 18 =
BROJ 18 05421
KR_ZA 19 za
IDN 19 i
KR_OD 19 od
OP_MINUS 19 -
IDN 19 a
OP_PLUS 19 +
IDN 19 b
KR_DO 19 do
OP_PLUS 19 +
IDN 19 a
OP_PLUS 19 +
IDN 19 b
IDN 20 xadasdadasd
OP_PRIDRUZI 20 =
IDN 20 i
OP_PLUS 20 +
BROJ 20 3
OP_PLUS 20 +
BROJ 20 4
OP_PLUS 20 +
BROJ 20 5
OP_PUTA 20 *
BROJ 20 6
KR_AZ 21 az
KR_ZA 22 za
IDN 22 i
KR_OD 22 od
OP_MINUS 22 -
BROJ 22 5
KR_DO 22 do
OP_PLUS 22 +
BROJ 22 12
IDN 23 a
OP_PRIDRUZI 23 =
IDN 23 i
OP_PLUS 23 +
BROJ 23 3
OP_PLUS 23 +
BROJ 23 4
OP_PLUS 23 +
BROJ 23 5
OP_PUTA 23 *
BROJ 23 6
KR_AZ 24 az
IDN 25 b
OP_PRIDRUZI 25 =
BROJ 25 05421
KR_ZA 26 za
IDN 26 i
KR_OD 26 od
OP_MINUS 26 -
IDN 26 a
OP_PLUS 26 +
IDN 26 b
KR_DO 26 do
OP_PLUS 26 +
IDN 26 a
OP_PLUS 26 +
IDN 26 b
IDN 27 xadasdadasd
OP_PRIDRUZI 27 =
IDN 27 i
OP_PLUS 27 +
BROJ 27 3
OP_PLUS 27 +
BROJ 27 4
OP_PLUS 27 +
BROJ 27 5
OP_PUTA 27 *
BROJ 27 6
KR_AZ 28 az
KR_ZA 29 za
IDN 29 i
KR_OD 29 od
OP_MINUS 29 -
BROJ 29 5
KR_DO 29 do
OP_PLUS 29 +
BROJ 29 12
IDN 30 a
OP_PRIDRUZI 30 =
IDN 30 i
OP_PLUS 30 +
BROJ 30 3
OP_PLUS 30 +
BROJ 30 4
OP_PLUS 30 +
BROJ 30 5
OP_PUTA 30 *
BROJ 30 6
KR_AZ 31 az
IDN 32 b
OP_PRIDRUZI 32 =
BROJ 32 05421
KR_ZA 33 za
IDN 33 i
KR_OD 33 od
OP_MINUS 33 -
IDN 33 a
OP_PLUS 33 +
IDN 33 b
KR_DO 33 do
OP_PLUS 33 +
IDN 33 a
OP_PLUS 33 +
IDN 33 b
IDN 34 xadasdadasd
OP_PRIDRUZI 34 =
IDN 34 i
OP_PLUS 34 +
BROJ 34 3
OP_PLUS 34 +
BROJ 34 4
OP_PLUS 34 +
BROJ 34 5
OP_PUTA 34 *
BROJ 34 6
KR_AZ 35 az
KR_ZA 36 za
IDN 36 i
KR_OD 36 od
OP_MINUS 36 -
BROJ 36 5
KR_DO 36 do
OP_PLUS 36 +
BROJ 36 12
IDN 37 a
OP_PRIDRUZI 37 =
IDN 37 i
OP_PLUS 37 +
BROJ 37 3
OP_PLUS 37 +
BROJ 37 4
OP_PLUS 37 +
BROJ 37 5
OP_PUTA 37 *
BROJ 37 6
KR_AZ 38 az
IDN 39 b
OP_PRIDRUZI 39 =
BROJ 39 05421
KR_ZA 40 za
IDN 40 i
KR_OD 40 od
OP_MINUS 40 -
IDN 40 a
OP_PLUS 40 +
IDN 40 b
KR_DO 40 do
OP_PLUS 40 +
IDN 40 a
OP_PLUS 40 +
IDN 40 b
IDN 41 xadasdadasd
OP_PRIDRUZI 41 =
IDN 41 i
OP_PLUS 41 +
BROJ 41 3
OP_PLUS 41 +
BROJ 41 4
OP_PLUS 41 +
BROJ 41 5
OP_PUTA 41 *
BROJ 41 6
KR_AZ 42 az
KR_ZA 43 za
IDN 43 i
KR_OD 43 od
OP_MINUS 43 -
BROJ 43 5
KR_DO 43 do
OP_PLUS 43 +
BROJ 43 12
IDN 44 a
OP_PRIDRUZI 44 =
IDN 44 i
OP_PLUS 44 +
BROJ 44 3
OP_PLUS 44 +
BROJ 44 4
OP_PLUS 44 +
BROJ 44 5
OP_PUTA 44 *
BROJ 44 6
KR_AZ 45 az
IDN 46 b
OP_PRIDRUZI 46 =
BROJ 46 05421
KR_ZA 47 za
IDN 47 i
KR_OD 47 od
OP_MINUS 47 -
IDN 47 a
OP_PLUS 47 +
IDN 47 b
KR_DO 47 do
OP_PLUS 47 +
IDN 47 a
OP_PLUS 47 +
IDN 47 b
IDN 48 xadasdadasd
OP_PRIDRUZI 48 =
IDN 48 i
OP_PLUS 48 +
BROJ 48 3
OP_PLUS 48 +
BROJ 48 4
OP_PLUS 48 +
BROJ 48 5
OP_PUTA 48 *
BROJ 48 6
KR_AZ 49 az
KR_ZA 50 za
IDN 50 i
KR_OD 50 od
OP_MINUS 50 -
BROJ 50 5
KR_DO 50 do
OP_PLUS 50 +
BROJ 50 12
IDN 51 a
OP_PRIDRUZI 51 =
IDN 51 i
OP_PLUS 51 +
BROJ 51 3
OP_PLUS 51 +
BROJ 51 4
OP_PLUS 51 +
BROJ 51 5
OP_PUTA 51 *
BROJ 51 6
KR_AZ 52 az
IDN 53 b
OP_PRIDRUZI 53 =
BROJ 53 05421
KR_ZA 54 za
IDN 54 i
KR_OD 54 od
OP_MINUS 54 -
IDN 54 a
OP_PLUS 54 +
IDN 54 b
KR_DO 54 do
OP_PLUS 54 +
IDN 54 a
OP_PLUS 54 +
IDN 54 b
IDN 55 xadasdadasd
OP_PRIDRUZI 55 =
IDN 55 i
OP_PLUS 55 +
BROJ 55 3
OP_PLUS 55 +
BROJ 55 4
OP_PLUS 55 +
BROJ 55 5
OP_PUTA 55 *
BROJ 55 6
KR_AZ 56 az
KR_ZA 57 za
IDN 57 i
KR_OD 57 od
OP_MINUS 57 -
BROJ 57 5
KR_DO 57 do
OP_PLUS 57 +
BROJ 57 12
IDN 58 a
OP_PRIDRUZI 58 =
IDN 58 i
OP_PLUS 58 +
BROJ 58 3
OP_PLUS 58 +
BROJ 58 4
OP_PLUS 58 +
BROJ 58 5
OP_PUTA 58 *
BROJ 58 6
KR_AZ 59 az
IDN 60 b
OP_PRIDRUZI 60 =
BROJ 60 05421
KR_ZA 61 za
IDN 61 i
KR_OD 61 od
OP_MINUS 61 -
IDN 61 a
OP_PLUS 61 +
IDN 61 b
KR_DO 61 do
OP_PLUS 61 +
IDN 61 a
OP_PLUS 61 +
IDN 61 b
IDN 62 xadasdadasd
OP_PRIDRUZI 62 =
IDN 62 i
OP_PLUS 62 +
BROJ 62 3
OP_PLUS 62 +
BROJ 62 4
OP_PLUS 62 +
BROJ 62 5
OP_PUTA 62 *
BROJ 62 6
KR_AZ 63 az
KR_ZA 64 za
IDN 64 i
KR_OD 64 od
OP_MINUS 64 -
BROJ 64 5
KR_DO 64 do
OP_PLUS 64 +
BROJ 64 12
IDN 65 a
OP_PRIDRUZI 65 =
IDN 65 i
OP_PLUS 65 +
BROJ 65 3
OP_PLUS 65 +
BROJ 65 4
OP_PLUS 65 +
BROJ 65 5
OP_PUTA 65 *
BROJ 65 6
KR_AZ 66 az
IDN 67 b
OP_PRIDRUZI 67 =
BROJ 67 05421
KR_ZA 68 za
IDN 68 i
KR_OD 68 od
OP_MINUS 68 -
IDN 68 a
OP_PLUS 68 +
IDN 68 b
KR_DO 68 do
OP_PLUS 68 +
IDN 68 a
OP_PLUS 68 +
IDN 68 b
IDN 69 xadasdadasd
OP_PRIDRUZI 69 =
IDN 69 i
OP_PLUS 69 +
BROJ 69 3
OP_PLUS 69 +
BROJ 69 4
OP_PLUS 69 +
BROJ 69 5
OP_PUTA 69 *
BROJ 69 6
KR_AZ 70 az
KR_ZA 71 za
IDN 71 i
KR_OD 71 od
OP_MINUS 71 -
BROJ 71 5
KR_DO 71 do
OP_PLUS 71 +
BROJ 71 12
IDN 72 a
OP_PRIDRUZI 72 =
IDN 72 i
OP_PLUS 72 +
BROJ 72 3
OP_PLUS 72 +
BROJ 72 4
OP_PLUS 72 +
BROJ 72 5
OP_PUTA 72 *
BROJ 72 6
KR_AZ 73 az
IDN 74 b
OP_PRIDRUZI 74 =
BROJ 74 05421
KR_ZA 75 za
IDN 75 i
KR_OD 75 od
OP_MINUS 75 -
IDN 75 a
OP_PLUS 75 +
IDN 75 b
KR_DO 75 do
OP_PLUS 75 +
IDN 75 a
OP_PLUS 75 +
IDN 75 b
IDN 76 xadasdadasd
OP_PRIDRUZI 76 =
IDN 76 i
OP_PLUS 76 +
BROJ 76 3
OP_PLUS 76 +
BROJ 76 4
OP_PLUS 76 +
BROJ 76 5
OP_PUTA 76 *
BROJ 76 6
KR_AZ 77 az
KR_ZA 78 za
IDN 78 i
KR_OD 78 od
OP_MINUS 78 -
BROJ 78 5
KR_DO 78 do
OP_PLUS 78 +
BROJ 78 12
IDN 79 a
OP_PRIDRUZI 79 =
IDN 79 i
OP_PLUS 79 +
BROJ 79 3
OP_PLUS 79 +
BROJ 79 4
OP_PLUS 79 +
BROJ 79 5
OP_PUTA 79 *
BROJ 79 6
KR_AZ 80 az
IDN 81 b
OP_PRIDRUZI 81 =
BROJ 81 05421
KR_ZA 82 za
IDN 82 i
KR_OD 82 od
OP_MINUS 82 -
IDN 82 a
OP_PLUS 82 +
IDN 82 b
KR_DO 82 do
OP_PLUS 82 +
IDN 82 a
OP_PLUS 82 +
IDN 82 b
IDN 83 xadasdadasd
OP_PRIDRUZI 83 =
IDN 83 i
OP_PLUS 83 +
BROJ 83 3
OP_PLUS 83 +
BROJ 83 4
OP_PLUS 83 +
BROJ 83 5
OP_PUTA 83 *
BROJ 83 6
KR_AZ 84 az
KR_ZA 85 za
IDN 85 i
KR_OD 85 od
OP_MINUS 85 -
BROJ 85 5
KR_DO 85 do
OP_PLUS 85 +
BROJ 85 12
IDN 86 a
OP_PRIDRUZI 86 =
IDN 86 i
OP_PLUS 86 +
BROJ 86 3
OP_PLUS 86 +
BROJ 86 4
OP_PLUS 86 +
BROJ 86 5
OP_PUTA 86 *
BROJ 86 6
KR_AZ 87 az
IDN 88 b
OP_PRIDRUZI 88 =
BROJ 88 05421
KR_ZA 89 za
IDN 89 i
KR_OD 89 od
OP_MINUS 89 -
IDN 89 a
OP_PLUS 89 +
IDN 89 b
KR_DO 89 do
OP_PLUS 89 +
IDN 89 a
OP_PLUS 89 +
IDN 89 b
IDN 90 xadasdadasd
OP_PRIDRUZI 90 =
IDN 90 i
OP_PLUS 90 +
BROJ 90 3
OP_PLUS 90 +
BROJ 90 4
OP_PLUS 90 +
BROJ 90 5
OP_PUTA 90 *
BROJ 90 6
KR_AZ 91 az
KR_ZA 92 za
IDN 92 i
KR_OD 92 od
OP_MINUS 92 -
BROJ 92 5
KR_DO 92 do
OP_PLUS 92 +
BROJ 92 12
IDN 93 a
OP_PRIDRUZI 93 =
IDN 93 i
OP_PLUS 93 +
BROJ 93 3
OP_PLUS 93 +
BROJ 93 4
OP_PLUS 93 +
BROJ 93 5
OP_PUTA 93 *
BROJ 93 6
KR_AZ 94 az
IDN 95 b
OP_PRIDRUZI 95 =
BROJ 95 05421
KR_ZA 96 za
IDN 96 i
KR_OD 96 od
OP_MINUS 96 -
IDN 96 a
OP_PLUS 96 +
IDN 96 b
KR_DO 96 do
OP_PLUS 96 +
IDN 96 a
OP_PLUS 96 +
IDN 96 b
IDN 97 xadasdadasd
OP_PRIDRUZI 97 =
IDN 97 i
OP_PLUS 97 +
BROJ 97 3
OP_PLUS 97 +
BROJ 97 4
OP_PLUS 97 +
BROJ 97 5
OP_PUTA 97 *
BROJ 97 6
KR_AZ 98 az
KR_ZA 99 za
IDN 99 i
KR_OD 99 od
OP_MINUS 99 -
BROJ 99 5
KR_DO 99 do
OP_PLUS 99 +
BROJ 99 12
IDN 100 a
OP_PRIDRUZI 100 =
IDN 100 i
OP_PLUS 100 +
BROJ 100 3
OP_PLUS 100 +
BROJ 100 4
OP_PLUS 100 +
BROJ 100 5
OP_PUTA 100 *
BROJ 100 6
KR_AZ 101 az
IDN 102 b
OP_PRIDRUZI 102 =
BROJ 102 05421
KR_ZA 103 za
IDN 103 i
KR_OD 103 od
OP_MINUS 103 -
IDN 103 a
OP_PLUS 103 +
IDN 103 b
KR_DO 103 do
OP_PLUS 103 +
IDN 103 a
OP_PLUS 103 +
IDN 103 b
IDN 104 xadasdadasd
OP_PRIDRUZI 104 =
IDN 104 i
OP_PLUS 104 +
BROJ 104 3
OP_PLUS 104 +
BROJ 104 4
OP_PLUS 104 +
BROJ 104 5
OP_PUTA 104 *
BROJ 104 6
KR_AZ 105 az
KR_ZA 106 za
IDN 106 i
KR_OD 106 od
OP_MINUS 106 -
BROJ 106 5
KR_DO 106 do
OP_PLUS 106 +
BROJ 106 12
IDN 107 a
OP_PRIDRUZI 107 =
IDN 107 i
OP_PLUS 107 +
BROJ 107 3
OP_PLUS 107 +
BROJ 107 4
OP_PLUS 107 +
BROJ 107 5
OP_PUTA 107 *
BROJ 107 6
KR_AZ 108 az
IDN 109 b
OP_PRIDRUZI 109 =
BROJ 109 05421
KR_ZA 110 za
IDN 110 i
KR_OD 110 od
OP_MINUS 110 -
IDN 110 a
OP_PLUS 110 +
IDN 110 b
KR_DO 110 do
OP_PLUS 110 +
IDN 110 a
OP_PLUS 110 +
IDN 110 b
IDN 111 xadasdadasd
OP_PRIDRUZI 111 =
IDN 111 i
OP_PLUS 111 +
BROJ 111 3
OP_PLUS 111 +
BROJ 111 4
OP_PLUS 111 +
BROJ 111 5
OP_PUTA 111 *
BROJ 111 6
KR_AZ 112 az
