L_ZAGRADA 1 (
L_ZAGRADA 1 (
L_ZAGRADA 1 (
D_ZAGRADA 1 )
D_ZAGRADA 1 )
OP_PLUS 1 +
OP_PLUS 1 +
OP_MINUS 1 -
OP_MINUS 1 -
D_ZAGRADA 1 )
D_ZAGRADA 1 )
D_ZAGRADA 1 )
D_ZAGRADA 1 )
D_ZAGRADA 1 )
D_ZAGRADA 1 )
L_ZAGRADA 1 (
L_ZAGRADA 1 (
L_ZAGRADA 1 (
OP_MINUS 2 -
OP_MINUS 2 -
OP_MINUS 2 -
OP_PLUS 2 +
OP_PLUS 2 +
OP_PLUS 2 +
D_ZAGRADA 2 )
D_ZAGRADA 2 )
D_ZAGRADA 2 )
D_ZAGRADA 2 )
D_ZAGRADA 2 )
OP_PUTA 2 *
OP_PUTA 2 *
OP_PUTA 2 *
D_ZAGRADA 2 )
