L_ZAGRADA 1 (
L_ZAGRADA 1 (
L_ZAGRADA 1 (
L_ZAGRADA 1 (
L_ZAGRADA 1 (
L_ZAGRADA 1 (
L_ZAGRADA 1 (
IDN 1 a
OP_PLUS 1 +
IDN 1 b
D_ZAGRADA 1 )
OP_MINUS 1 -
IDN 1 c
D_ZAGRADA 1 )
OP_PLUS 1 +
IDN 1 d
D_ZAGRADA 1 )
OP_DIJELI 1 /
BROJ 1 11
D_ZAGRADA 1 )
OP_PUTA 1 *
BROJ 1 34
D_ZAGRADA 1 )
OP_PUTA 1 *
BROJ 1 1234
D_ZAGRADA 1 )
OP_MINUS 1 -
BROJ 1 345
D_ZAGRADA 1 )
