IDN 1 a
OP_PLUS 1 +
IDN 1 b
OP_PUTA 1 *
L_ZAGRADA 1 (
BROJ 1 12
OP_PLUS 1 +
BROJ 1 43
OP_DIJELI 1 /
BROJ 1 4
D_ZAGRADA 1 )
OP_PUTA 1 *
BROJ 1 12
OP_MINUS 1 -
L_ZAGRADA 1 (
BROJ 1 23
OP_PUTA 1 *
L_ZAGRADA 1 (
BROJ 1 2
OP_PUTA 1 *
L_ZAGRADA 1 (
BROJ 1 4
D_ZAGRADA 1 )
D_ZAGRADA 1 )
D_ZAGRADA 1 )
