IDN 1 x
OP_PRIDRUZI 1 =
BROJ 1 123
KR_ZA 2 za
IDN 2 n
KR_OD 2 od
BROJ 2 3
KR_DO 2 do
BROJ 2 321
IDN 3 x
OP_PRIDRUZI 3 =
IDN 3 x
OP_MINUS 3 -
BROJ 3 1
KR_AZ 4 az
KR_ZA 8 za
IDN 8 i
KR_OD 8 od
OP_MINUS 8 -
IDN 8 x
KR_DO 8 do
IDN 8 x
IDN 9 x
OP_PRIDRUZI 9 =
IDN 9 x
OP_PUTA 9 *
IDN 9 x
