KR_ZA 1 za
IDN 1 i
KR_OD 1 od
OP_MINUS 1 -
BROJ 1 5
KR_DO 1 do
OP_PLUS 1 +
BROJ 1 12
IDN 2 a
OP_PRIDRUZI 2 =
IDN 2 i
OP_PLUS 2 +
BROJ 2 3
OP_PLUS 2 +
BROJ 2 4
OP_PLUS 2 +
BROJ 2 5
OP_PUTA 2 *
BROJ 2 6
KR_AZ 3 az
IDN 4 b
OP_PRIDRUZI 4 =
BROJ 4 05421
KR_ZA 5 za
IDN 5 i
KR_OD 5 od
OP_MINUS 5 -
IDN 5 a
OP_PLUS 5 +
IDN 5 b
KR_DO 5 do
OP_PLUS 5 +
IDN 5 a
OP_PLUS 5 +
IDN 5 b
IDN 6 xadasdadasd
OP_PRIDRUZI 6 =
IDN 6 i
OP_PLUS 6 +
BROJ 6 3
OP_PLUS 6 +
BROJ 6 4
OP_PLUS 6 +
BROJ 6 5
OP_PUTA 6 *
BROJ 6 6
KR_AZ 7 az
